// Jest Snapshot v1, https://goo.gl/fbAQLP

exports[`Nav bar component renders all parts correctly 1`] = `
<div
  className="GaugeNavBar"
>
  <nav
    className="navbar navbar-expand navbar-light"
  >
    <a
      className="navbar-brand"
      href="https://coopslarhette.github.io/gauge/"
    >
      Gauge
    </a>
    <div
      className="ml-auto"
    >
      <a
        href="https://github.com/coopslarhette"
      >
        <img
          alt="github page"
          className="github-logo"
          src="github-logo.png"
        />
      </a>
    </div>
  </nav>
</div>
`;
